this is test.log
